Ident "_ignored"
Ident "intentio"
Ident "inte_ntio'"
Ident "q\235llim"
Ident "\24847\21521"
Ident "\4315\4312\4310\4304\4316\4312"
Ident "\2311\2352\2366\2342\2366"
Ident "_\2311\2352\2366\2342\2366_"
Ident "\2311\2352\2366\2342\2366'"
