{
  "_letDeclName": "e",
  "_letDeclVal": {
    "contents": {
      "contents": "r#\"my sweet \"string\"\"#",
      "tag": "RawString"
    },
    "tag": "LitExpr"
  },
  "tag": "LetDeclExpr"
}
