BlockExpr 
    ( Block 
        [ ReturnExpr Nothing
        , ReturnExpr ( Just ( IdExpr ( Id ( ScopeId "a" ) ) ) )
        ] 
    )