{
  "_moduleAnn": [],
  "_moduleExport": {
    "_exportDeclAnn": [],
    "_exportDeclItems": [],
    "_exportDeclSourcePos": [
      "test.ieo",
      0,
      0
    ]
  },
  "_moduleItems": [],
  "_moduleName": "test",
  "_moduleSourcePos": [
    "test.ieo",
    0,
    0
  ]
}
