{
  "contents": [
    {
      "contents": null,
      "tag": "ReturnExpr"
    },
    {
      "contents": {
        "contents": {
          "contents": "a",
          "tag": "Id"
        },
        "tag": "IdExpr"
      },
      "tag": "ReturnExpr"
    }
  ],
  "tag": "BlockExpr"
}
